../Core/Src/main.c:119:5:main	3
../Core/Src/main.c:219:6:SystemClock_Config	4
../Core/Src/main.c:269:13:MX_I2C1_Init	4
../Core/Src/main.c:317:13:MX_TIM2_Init	4
../Core/Src/main.c:366:13:MX_TIM6_Init	3
../Core/Src/main.c:404:13:MX_USART1_UART_Init	2
../Core/Src/main.c:439:13:MX_USART2_UART_Init	2
../Core/Src/main.c:474:13:MX_GPIO_Init	1
../Core/Src/main.c:525:6:USART2_Print	1
../Core/Src/main.c:530:6:XBee_Send	2
../Core/Src/main.c:537:6:delay_us	2
../Core/Src/main.c:545:6:ir_on	1
../Core/Src/main.c:546:6:ir_off	1
../Core/Src/main.c:547:6:send_burst	1
../Core/Src/main.c:553:6:send_bit	2
../Core/Src/main.c:559:6:send_nec	5
../Core/Src/main.c:569:6:ICM20948_Init	2
../Core/Src/main.c:614:6:ICM20948_ReadRaw	1
../Core/Src/main.c:631:6:Calculate_RPY	2
../Core/Src/main.c:649:6:I2C_Scan	3
../Core/Src/main.c:672:6:Error_Handler	1
