../Core/Src/main.c:108:5:main	104	static
../Core/Src/main.c:227:6:SystemClock_Config	96	static
../Core/Src/main.c:277:13:MX_I2C1_Init	8	static
../Core/Src/main.c:325:13:MX_I2C2_Init	8	static
../Core/Src/main.c:373:13:MX_TIM2_Init	56	static
../Core/Src/main.c:431:13:MX_USART1_UART_Init	8	static
../Core/Src/main.c:466:13:MX_USART2_UART_Init	8	static
../Core/Src/main.c:501:13:MX_USART3_UART_Init	8	static
../Core/Src/main.c:536:13:MX_GPIO_Init	48	static
../Core/Src/main.c:615:6:HAL_UART_RxCpltCallback	24	static
../Core/Src/main.c:688:6:Error_Handler	4	static,ignoring_inline_asm
